C51 COMPILER V9.52.0.0   2SWITCH2LED                                                       12/14/2023 06:05:45 PAGE 1   


C51 COMPILER V9.52.0.0, COMPILATION OF MODULE 2SWITCH2LED
OBJECT MODULE PLACED IN 2switch2led.OBJ
COMPILER INVOKED BY: C:\Keil\C51\BIN\C51.EXE 2switch2led.c BROWSE DEBUG OBJECTEXTEND TABS(2)

line level    source

   1          #include <reg51.h>
   2          sbit led1=P1^0;
   3          sbit led2=P1^1;
   4          sbit sw1=P1^2;
   5          sbit sw2=P1^3;
   6          int main()
   7          {
   8   1      while(1)
   9   1      {
  10   2        if(sw1==0)
  11   2        {
  12   3          led1=0;
  13   3        }
  14   2        else
  15   2          led1=1;
  16   2        if(sw2==0)
  17   2        {
  18   3          led2=0;
  19   3        }
  20   2        else
  21   2          led2=1;
  22   2        
  23   2      }
  24   1      }


MODULE INFORMATION:   STATIC OVERLAYABLE
   CODE SIZE        =     20    ----
   CONSTANT SIZE    =   ----    ----
   XDATA SIZE       =   ----    ----
   PDATA SIZE       =   ----    ----
   DATA SIZE        =   ----    ----
   IDATA SIZE       =   ----    ----
   BIT SIZE         =   ----    ----
END OF MODULE INFORMATION.


C51 COMPILATION COMPLETE.  0 WARNING(S),  0 ERROR(S)
