BL51 BANKED LINKER/LOCATER V6.22                                                        12/12/2023  21:11:23  PAGE 1


BL51 BANKED LINKER/LOCATER V6.22, INVOKED BY:
C:\KEIL\C51\BIN\BL51.EXE testlcd.obj TO testlcd


MEMORY MODEL: SMALL


INPUT MODULES INCLUDED:
  testlcd.obj (TESTLCD)
  C:\KEIL\C51\LIB\C51S.LIB (?C_STARTUP)


LINK MAP OF MODULE:  testlcd (TESTLCD)


            TYPE    BASE      LENGTH    RELOCATION   SEGMENT NAME
            -----------------------------------------------------

            * * * * * * *   D A T A   M E M O R Y   * * * * * * *
            REG     0000H     0008H     ABSOLUTE     "REG BANK 0"
            IDATA   0008H     0001H     UNIT         ?STACK

            * * * * * * *   C O D E   M E M O R Y   * * * * * * *
            CODE    0000H     0003H     ABSOLUTE     
                    0003H     07FDH                  *** GAP ***
            CODE    0800H     02B3H     UNIT         ?PR?MAIN?TESTLCD
            CODE    0AB3H     000CH     UNIT         ?C_C51STARTUP



OVERLAY MAP OF MODULE:   testlcd (TESTLCD)


SEGMENT
  +--> CALLED SEGMENT
---------------------
?C_C51STARTUP
  +--> ?PR?MAIN?TESTLCD



SYMBOL TABLE OF MODULE:  testlcd (TESTLCD)

  VALUE           TYPE          NAME
  ----------------------------------

  -------         MODULE        TESTLCD
  C:0000H         SYMBOL        _ICE_DUMMY_
  D:00A0H         PUBLIC        P2
  D:00B0H         PUBLIC        P3
  C:0800H         PUBLIC        main
  B:00B0H.7       PUBLIC        Enable
  B:00B0H.6       PUBLIC        Registerselect
  -------         PROC          MAIN
  -------         DO            
  D:0006H         SYMBOL        i
  -------         ENDDO         
  C:0800H         LINE#         5
BL51 BANKED LINKER/LOCATER V6.22                                                      12/12/2023  21:11:23  PAGE 2


  C:0800H         LINE#         6
  C:0800H         LINE#         8
  C:0803H         LINE#         9
  C:0805H         LINE#         10
  C:0807H         LINE#         11
  C:0815H         LINE#         12
  C:0817H         LINE#         13
  C:081AH         LINE#         14
  C:081CH         LINE#         15
  C:081EH         LINE#         16
  C:082CH         LINE#         17
  C:082EH         LINE#         19
  C:0831H         LINE#         20
  C:0833H         LINE#         21
  C:0835H         LINE#         22
  C:0843H         LINE#         23
  C:0845H         LINE#         25
  C:0848H         LINE#         26
  C:084AH         LINE#         27
  C:084CH         LINE#         28
  C:085AH         LINE#         29
  C:085CH         LINE#         31
  C:085FH         LINE#         32
  C:0861H         LINE#         33
  C:0863H         LINE#         34
  C:0871H         LINE#         35
  C:0873H         LINE#         37
  C:0876H         LINE#         38
  C:0878H         LINE#         39
  C:087AH         LINE#         40
  C:0888H         LINE#         41
  C:088AH         LINE#         43
  C:088DH         LINE#         44
  C:088FH         LINE#         45
  C:0891H         LINE#         46
  C:089FH         LINE#         47
  C:08A1H         LINE#         49
  C:08A4H         LINE#         50
  C:08A6H         LINE#         51
  C:08A8H         LINE#         52
  C:08B6H         LINE#         53
  C:08B8H         LINE#         55
  C:08BBH         LINE#         56
  C:08BDH         LINE#         57
  C:08BFH         LINE#         58
  C:08CDH         LINE#         59
  C:08CFH         LINE#         61
  C:08D2H         LINE#         62
  C:08D4H         LINE#         63
  C:08D6H         LINE#         64
  C:08E4H         LINE#         65
  C:08E6H         LINE#         67
  C:08E9H         LINE#         68
  C:08EBH         LINE#         69
  C:08EDH         LINE#         70
  C:08FBH         LINE#         71
  C:08FDH         LINE#         73
BL51 BANKED LINKER/LOCATER V6.22                                                      12/12/2023  21:11:23  PAGE 3


  C:0900H         LINE#         74
  C:0902H         LINE#         75
  C:0904H         LINE#         76
  C:0912H         LINE#         77
  C:0914H         LINE#         79
  C:0917H         LINE#         80
  C:0919H         LINE#         81
  C:091BH         LINE#         82
  C:0929H         LINE#         83
  C:092BH         LINE#         87
  C:092EH         LINE#         88
  C:0930H         LINE#         89
  C:0932H         LINE#         90
  C:0940H         LINE#         91
  C:0942H         LINE#         93
  C:0945H         LINE#         94
  C:0947H         LINE#         95
  C:0949H         LINE#         96
  C:0957H         LINE#         97
  C:0959H         LINE#         99
  C:095CH         LINE#         100
  C:095EH         LINE#         101
  C:0960H         LINE#         102
  C:096EH         LINE#         103
  C:0970H         LINE#         105
  C:0973H         LINE#         106
  C:0975H         LINE#         107
  C:0977H         LINE#         108
  C:0985H         LINE#         109
  C:0987H         LINE#         111
  C:098AH         LINE#         112
  C:098CH         LINE#         113
  C:098EH         LINE#         114
  C:099CH         LINE#         115
  C:099EH         LINE#         117
  C:09A1H         LINE#         118
  C:09A3H         LINE#         119
  C:09A5H         LINE#         120
  C:09B3H         LINE#         121
  C:09B5H         LINE#         123
  C:09B8H         LINE#         124
  C:09BAH         LINE#         125
  C:09BCH         LINE#         126
  C:09CAH         LINE#         127
  C:09CCH         LINE#         129
  C:09CFH         LINE#         130
  C:09D1H         LINE#         131
  C:09D3H         LINE#         132
  C:09E1H         LINE#         133
  C:09E3H         LINE#         135
  C:09E6H         LINE#         136
  C:09E8H         LINE#         137
  C:09EAH         LINE#         138
  C:09F8H         LINE#         139
  C:09FAH         LINE#         141
  C:09FDH         LINE#         142
  C:09FFH         LINE#         143
BL51 BANKED LINKER/LOCATER V6.22                                                      12/12/2023  21:11:23  PAGE 4


  C:0A01H         LINE#         144
  C:0A0FH         LINE#         145
  C:0A11H         LINE#         147
  C:0A14H         LINE#         148
  C:0A16H         LINE#         149
  C:0A18H         LINE#         150
  C:0A26H         LINE#         151
  C:0A28H         LINE#         153
  C:0A2BH         LINE#         154
  C:0A2DH         LINE#         155
  C:0A2FH         LINE#         156
  C:0A3DH         LINE#         157
  C:0A3FH         LINE#         159
  C:0A42H         LINE#         160
  C:0A44H         LINE#         161
  C:0A46H         LINE#         162
  C:0A54H         LINE#         163
  C:0A56H         LINE#         165
  C:0A59H         LINE#         166
  C:0A5BH         LINE#         167
  C:0A5DH         LINE#         168
  C:0A6BH         LINE#         169
  C:0A6DH         LINE#         171
  C:0A70H         LINE#         172
  C:0A72H         LINE#         173
  C:0A74H         LINE#         174
  C:0A82H         LINE#         175
  C:0A84H         LINE#         177
  C:0A87H         LINE#         178
  C:0A89H         LINE#         179
  C:0A8BH         LINE#         180
  C:0A99H         LINE#         181
  C:0A9BH         LINE#         183
  C:0A9EH         LINE#         184
  C:0AA0H         LINE#         185
  C:0AA2H         LINE#         186
  C:0AB0H         LINE#         187
  C:0AB2H         LINE#         189
  -------         ENDPROC       MAIN
  -------         ENDMOD        TESTLCD

******************************************************************************
* RESTRICTED VERSION WITH 0800H BYTE CODE SIZE LIMIT; USED: 02B3H BYTE (33%) *
******************************************************************************

Program Size: data=9.0 xdata=0 code=706
LINK/LOCATE RUN COMPLETE.  0 WARNING(S),  0 ERROR(S)
