C51 COMPILER V9.52.0.0   I2C_1                                                             01/29/2024 06:22:34 PAGE 1   


C51 COMPILER V9.52.0.0, COMPILATION OF MODULE I2C_1
OBJECT MODULE PLACED IN I2C_1.OBJ
COMPILER INVOKED BY: C:\Keil\C51\BIN\C51.EXE I2C_1.c BROWSE DEBUG OBJECTEXTEND TABS(2)

line level    source

   1          #include<reg51.h>
   2          #include<intrins.h> // supports nop function
   3          sbit sda=P2^0;
   4          sbit scl=P2^1;
   5          void start();
   6          void write(unsigned char);
   7          void ackcheck();
   8          void stop();
   9          void delay();
  10          void main()
  11          {
  12   1        start();
  13   1        write(0X40);
  14   1        ackcheck();
  15   1        while(1)
  16   1        {
  17   2          write(0X55); //ALL LED'S ON
  18   2          ackcheck();
  19   2          delay();
  20   2          write(0Xaa); //ALL LED'S OFF
  21   2          ackcheck();
  22   2          delay();
  23   2        }
  24   1      }
  25          //function defination
  26          void start()
  27          {
  28   1        scl=1;
  29   1        sda=1;
  30   1        nop(); // no operation
*** WARNING C206 IN LINE 30 OF I2C_1.c: 'nop': missing function-prototype
  31   1        nop(); //uc takes 1 usec delay
  32   1        sda=0;
  33   1      }
  34          
  35          void write(unsigned char val)
  36          {
  37   1        unsigned char v1,v2;
  38   1        v1=val;
  39   1        for(v2=0;v2<8;v2++)
  40   1        {
  41   2          sda=v1&0x80;
  42   2          scl=1;
  43   2          nop(); // no operation
  44   2          nop(); //uc takes 1 usec delay
  45   2          scl=0;
  46   2          v1=v1<<1; //left shift operation
  47   2        }
  48   1      }
  49          
  50          void ackcheck()
  51          {
  52   1        bit c;
  53   1        sda=1;
  54   1        c=sda;
C51 COMPILER V9.52.0.0   I2C_1                                                             01/29/2024 06:22:34 PAGE 2   

  55   1        scl=1;
  56   1        nop(); // no operation
  57   1        nop(); //uc takes 1 usec delay
  58   1        scl=0;
  59   1         if(c==1);
  60   1        {
  61   2          stop();
  62   2          while(1); // holding compliation
  63   2        }
  64   1      }
  65          
  66          void stop()
  67          {
  68   1        scl=1;
  69   1        sda=0;
  70   1        nop(); // no operation
  71   1        nop(); //uc takes 1 usec delay
  72   1        scl=1;
  73   1      }
  74          
  75          void delay()
  76          {
  77   1        unsigned char v3;
  78   1        for(v3=0;v3<6000;v3++);
  79   1      }


MODULE INFORMATION:   STATIC OVERLAYABLE
   CODE SIZE        =    134    ----
   CONSTANT SIZE    =   ----    ----
   XDATA SIZE       =   ----    ----
   PDATA SIZE       =   ----    ----
   DATA SIZE        =   ----       2
   IDATA SIZE       =   ----    ----
   BIT SIZE         =   ----       1
END OF MODULE INFORMATION.


C51 COMPILATION COMPLETE.  1 WARNING(S),  0 ERROR(S)
